 NBT

 Timestamp is 62e3d34d (Fri Jul 29 15:32:13 2022)

 Preferred load address is 0000000180000000

 Start         Length     Name                   Class
 0001:00000000 00010000H .textbss                DATA
 0002:00000000 000057a0H .text$mn                CODE
 0002:000057a0 00001040H .text$mn$00             CODE
 0002:000067e0 0000113cH .text$x                 CODE
 0003:00000000 00000110H .CRT$XCA                DATA
 0003:00000110 00000110H .CRT$XCZ                DATA
 0003:00000220 00000110H .CRT$XIA                DATA
 0003:00000330 00000110H .CRT$XIZ                DATA
 0003:00000440 00000110H .CRT$XPA                DATA
 0003:00000550 00000110H .CRT$XPZ                DATA
 0003:00000660 00000110H .CRT$XTA                DATA
 0003:00000770 00000110H .CRT$XTZ                DATA
 0003:00000880 00000d80H .rdata                  DATA
 0003:00001600 00000200H .rdata$CastGuardVftablesA DATA
 0003:00001800 0000019cH .rdata$CastGuardVftablesC DATA
 0003:0000199c 0000018cH .rdata$zzzdbg           DATA
 0003:00001b28 00000110H .rtc$IAA                DATA
 0003:00001c38 00000120H .rtc$IMZ                DATA
 0003:00001d58 00000110H .rtc$IZZ                DATA
 0003:00001e68 00000110H .rtc$TAA                DATA
 0003:00001f78 00000120H .rtc$TMZ                DATA
 0003:00002098 00000110H .rtc$TZZ                DATA
 0003:000021a8 00000738H .xdata                  DATA
 0003:000028e0 0000014aH .edata                  DATA
 0004:00000000 00000170H .data                   DATA
 0004:00000170 00000788H .bss                    DATA
 0005:00000000 00002070H .pdata                  DATA
 0006:00000000 00000308H .idata$5                DATA
 0006:00000308 0000003cH .idata$2                DATA
 0006:00000344 00000014H .idata$3                DATA
 0006:00000358 00000308H .idata$4                DATA
 0006:00000660 00000609H .idata$6                DATA
 0007:00000000 00000180H .msvcjmc                DATA
 0008:00000000 00000163H .00cfg                  DATA
 0009:00000000 00000170H .rsrc$01                DATA
 0009:00000170 000001b6H .rsrc$02                DATA

  Address         Publics by Value              Rva+Base               Lib:Object

 0000:00000000       __volatile_metadata        0000000000000000     <absolute>
 0000:00000000       __hybrid_code_map          0000000000000000     <absolute>
 0000:00000000       __guard_longjmp_table      0000000000000000     <absolute>
 0000:00000000       ___safe_se_handler_table   0000000000000000     <absolute>
 0000:00000000       __hybrid_auxiliary_iat_copy 0000000000000000     <absolute>
 0000:00000000       __x64_code_ranges_to_entry_points 0000000000000000     <absolute>
 0000:00000000       __arm64x_extra_rfe_table_size 0000000000000000     <absolute>
 0000:00000000       __hybrid_code_map_count    0000000000000000     <absolute>
 0000:00000000       ___safe_se_handler_count   0000000000000000     <absolute>
 0000:00000000       __guard_iat_count          0000000000000000     <absolute>
 0000:00000000       __dynamic_value_reloc_table 0000000000000000     <absolute>
 0000:00000000       __hybrid_auxiliary_iat     0000000000000000     <absolute>
 0000:00000000       __guard_fids_table         0000000000000000     <absolute>
 0000:00000000       __AbsoluteZero             0000000000000000     <absolute>
 0000:00000000       __guard_fids_count         0000000000000000     <absolute>
 0000:00000000       __arm64x_native_entrypoint 0000000000000000     <absolute>
 0000:00000000       __arm64x_redirection_metadata 0000000000000000     <absolute>
 0000:00000000       __x64_code_ranges_to_entry_points_count 0000000000000000     <absolute>
 0000:00000000       __guard_eh_cont_count      0000000000000000     <absolute>
 0000:00000000       __guard_eh_cont_table      0000000000000000     <absolute>
 0000:00000000       __guard_iat_table          0000000000000000     <absolute>
 0000:00000000       __guard_check_icall_a64n_fptr 0000000000000000     <absolute>
 0000:00000000       __enclave_config           0000000000000000     <absolute>
 0000:00000000       __arm64x_redirection_metadata_count 0000000000000000     <absolute>
 0000:00000000       __arm64x_extra_rfe_table   0000000000000000     <absolute>
 0000:00000000       __guard_longjmp_count      0000000000000000     <absolute>
 0000:00000100       __guard_flags              0000000000000100     <absolute>
 0000:00000000       __ImageBase                0000000180000000     <linker-defined>
 0001:00000000       __enc$textbss$begin        0000000180001000     <linker-defined>
 0001:00010000       __enc$textbss$end          0000000180011000     <linker-defined>
 0002:00000640       DllMain                    0000000180011640 f   dllmain.obj
 0002:000006a0       __JustMyCode_Default       00000001800116a0 f i dllmain.obj
 0002:000006b0       Sum                        00000001800116b0 f   test.obj
 0002:00000700       _CRT_RTC_INIT              0000000180011700 f   MSVCRTD:init.obj
 0002:00000710       _CRT_RTC_INITW             0000000180011710 f   MSVCRTD:init.obj
 0002:00000720       _RTC_InitBase              0000000180011720 f   MSVCRTD:init.obj
 0002:00000770       _RTC_Shutdown              0000000180011770 f   MSVCRTD:init.obj
 0002:000007a0       __CheckForDebuggerJustMyCode 00000001800117a0 f   MSVCRTD:debugger_jmc.obj
 0002:00000cf0       _CRT_INIT                  0000000180011cf0 f   MSVCRTD:dll_dllmain.obj
 0002:00000d30       _DllMainCRTStartup         0000000180011d30 f   MSVCRTD:dll_dllmain.obj
 0002:00000d80       ?_RTC_GetErrorFunc@@YAP6AHHPEBDH00ZZPEBX@Z 0000000180011d80 f   MSVCRTD:userapi.obj
 0002:00000d90       ?_RTC_GetErrorFuncW@@YAP6AHHPEB_WH00ZZPEBX@Z 0000000180011d90 f   MSVCRTD:userapi.obj
 0002:00000da0       _RTC_GetErrDesc            0000000180011da0 f   MSVCRTD:userapi.obj
 0002:00000dc0       _RTC_NumErrors             0000000180011dc0 f   MSVCRTD:userapi.obj
 0002:00000dd0       _RTC_SetErrorFunc          0000000180011dd0 f   MSVCRTD:userapi.obj
 0002:00000df0       _RTC_SetErrorFuncW         0000000180011df0 f   MSVCRTD:userapi.obj
 0002:00000e10       _RTC_SetErrorType          0000000180011e10 f   MSVCRTD:userapi.obj
 0002:00000f30       __security_init_cookie     0000000180011f30 f   MSVCRTD:gs_support.obj
 0002:00000fd0       ?__scrt_initialize_type_info@@YAXXZ 0000000180011fd0 f   MSVCRTD:tncleanup.obj
 0002:00000ff0       ?__scrt_uninitialize_type_info@@YAXXZ 0000000180011ff0 f   MSVCRTD:tncleanup.obj
 0002:00001010       __local_stdio_printf_options 0000000180012010 f i MSVCRTD:default_local_stdio_options.obj
 0002:00001020       __local_stdio_scanf_options 0000000180012020 f i MSVCRTD:default_local_stdio_options.obj
 0002:00001030       __scrt_initialize_default_local_stdio_options 0000000180012030 f   MSVCRTD:default_local_stdio_options.obj
 0002:00001090       ?configure_argv@__scrt_narrow_argv_policy@@SAHXZ 0000000180012090 f i MSVCRTD:utility.obj
 0002:000011b0       ?initialize_environment@__scrt_narrow_environment_policy@@SAHXZ 00000001800121b0 f i MSVCRTD:utility.obj
 0002:00001280       NtCurrentTeb               0000000180012280 f i MSVCRTD:utility.obj
 0002:00001290       __scrt_acquire_startup_lock 0000000180012290 f   MSVCRTD:utility.obj
 0002:00001310       __scrt_dllmain_after_initialize_c 0000000180012310 f   MSVCRTD:utility.obj
 0002:00001350       __scrt_dllmain_before_initialize_c 0000000180012350 f   MSVCRTD:utility.obj
 0002:00001380       __scrt_dllmain_crt_thread_attach 0000000180012380 f   MSVCRTD:utility.obj
 0002:000013c0       __scrt_dllmain_crt_thread_detach 00000001800123c0 f   MSVCRTD:utility.obj
 0002:000013e0       __scrt_dllmain_exception_filter 00000001800123e0 f   MSVCRTD:utility.obj
 0002:00001460       __scrt_dllmain_uninitialize_c 0000000180012460 f   MSVCRTD:utility.obj
 0002:000014a0       __scrt_dllmain_uninitialize_critical 00000001800124a0 f   MSVCRTD:utility.obj
 0002:000014c0       __scrt_initialize_crt      00000001800124c0 f   MSVCRTD:utility.obj
 0002:00001520       __scrt_initialize_onexit_tables 0000000180012520 f   MSVCRTD:utility.obj
 0002:00001670       __scrt_is_nonwritable_in_current_image 0000000180012670 f   MSVCRTD:utility.obj
 0002:00001720       __scrt_release_startup_lock 0000000180012720 f   MSVCRTD:utility.obj
 0002:00001760       __scrt_uninitialize_crt    0000000180012760 f   MSVCRTD:utility.obj
 0002:000017b0       _onexit                    00000001800127b0 f   MSVCRTD:utility.obj
 0002:00001850       at_quick_exit              0000000180012850 f   MSVCRTD:utility.obj
 0002:000018b0       atexit                     00000001800128b0 f   MSVCRTD:utility.obj
 0002:000018f0       __scrt_get_dyn_tls_init_callback 00000001800128f0 f   MSVCRTD:dyn_tls_init.obj
 0002:00001900       __crt_debugger_hook        0000000180012900 f   MSVCRTD:utility_desktop.obj
 0002:00001920       __scrt_fastfail            0000000180012920 f   MSVCRTD:utility_desktop.obj
 0002:00001b20       __scrt_get_show_window_mode 0000000180012b20 f   MSVCRTD:utility_desktop.obj
 0002:00001b90       __scrt_initialize_mta      0000000180012b90 f   MSVCRTD:utility_desktop.obj
 0002:00001bb0       __scrt_initialize_winrt    0000000180012bb0 f   MSVCRTD:utility_desktop.obj
 0002:00001bc0       __scrt_is_managed_app      0000000180012bc0 f   MSVCRTD:utility_desktop.obj
 0002:00001c90       __scrt_set_unhandled_exception_filter 0000000180012c90 f   MSVCRTD:utility_desktop.obj
 0002:00001cb0       __scrt_stub_for_initialize_mta 0000000180012cb0 f   MSVCRTD:utility_desktop.obj
 0002:00001cb0       __scrt_exe_initialize_mta  0000000180012cb0 f   MSVCRTD:utility_desktop.obj
 0002:00001cc0       __scrt_unhandled_exception_filter 0000000180012cc0 f   MSVCRTD:utility_desktop.obj
 0002:00001d80       _RTC_Initialize            0000000180012d80 f   MSVCRTD:initsect.obj
 0002:00001de0       _RTC_Terminate             0000000180012de0 f   MSVCRTD:initsect.obj
 0002:00001e40       _guard_check_icall_nop     0000000180012e40 f i MSVCRTD:guard_support.obj
 0002:00001e50       ReadNoFence64              0000000180012e50 f i MSVCRTD:guard_support.obj
 0002:00001e80       ReadPointerNoFence         0000000180012e80 f i MSVCRTD:guard_support.obj
 0002:00001ea0       __castguard_check_failure_debugbreak 0000000180012ea0 f i MSVCRTD:guard_support.obj
 0002:00001ed0       __castguard_check_failure_fastfail 0000000180012ed0 f i MSVCRTD:guard_support.obj
 0002:00001f00       __castguard_check_failure_nop 0000000180012f00 f i MSVCRTD:guard_support.obj
 0002:00001f10       __castguard_check_failure_os_handled 0000000180012f10 f i MSVCRTD:guard_support.obj
 0002:00002010       __castguard_slow_path_check_debugbreak 0000000180013010 f i MSVCRTD:guard_support.obj
 0002:00002060       __castguard_slow_path_check_fastfail 0000000180013060 f i MSVCRTD:guard_support.obj
 0002:000020c0       __castguard_slow_path_check_nop 00000001800130c0 f i MSVCRTD:guard_support.obj
 0002:000020e0       __castguard_slow_path_check_os_handled 00000001800130e0 f i MSVCRTD:guard_support.obj
 0002:000021d0       _guard_icall_checks_enforced 00000001800131d0 f i MSVCRTD:guard_support.obj
 0002:00002220       _guard_rf_checks_enforced  0000000180013220 f i MSVCRTD:guard_support.obj
 0002:000022e0       ?_RTC_AllocaFailure@@YAXPEAXPEAU_RTC_ALLOCA_NODE@@H@Z 00000001800132e0 f   MSVCRTD:error.obj
 0002:00002490       ?_RTC_Failure@@YAXPEAXH@Z  0000000180013490 f   MSVCRTD:error.obj
 0002:00002500       ?_RTC_StackFailure@@YAXPEAXPEBD@Z 0000000180013500 f   MSVCRTD:error.obj
 0002:00002a40       _RTC_UninitUse             0000000180013a40 f   MSVCRTD:error.obj
 0002:00002b40       _vsprintf_s_l              0000000180013b40 f i MSVCRTD:error.obj
 0002:00002bc0       sprintf_s                  0000000180013bc0 f i MSVCRTD:error.obj
 0002:00002bf0       __isa_available_init       0000000180013bf0 f   MSVCRTD:cpu_disp.obj
 0002:00003070       _get_startup_argv_mode     0000000180014070 f   MSVCRTD:argv_mode.obj
 0002:00003080       __scrt_is_ucrt_dll_in_use  0000000180014080 f   MSVCRTD:ucrt_detection.obj
 0002:00003720       ?_RTC_GetSrcLine@@YAHPEAEPEA_WKPEAH1K@Z 0000000180014720 f   MSVCRTD:pdblkup.obj
 0002:00003be0       __GSHandlerCheck           0000000180014be0 f   MSVCRTD:gshandler.obj
 0002:00003c30       __GSHandlerCheckCommon     0000000180014c30 f   MSVCRTD:gshandler.obj
 0002:00003d80       __security_check_cookie    0000000180014d80 f   MSVCRTD:amdsecgs.obj
 0002:00003db0       __raise_securityfailure    0000000180014db0 f   MSVCRTD:gs_report.obj
 0002:00003e00       __report_gsfailure         0000000180014e00 f   MSVCRTD:gs_report.obj
 0002:00003f10       __report_rangecheckfailure 0000000180014f10 f   MSVCRTD:gs_report.obj
 0002:00003f30       __report_securityfailure   0000000180014f30 f   MSVCRTD:gs_report.obj
 0002:00004000       __report_securityfailureEx 0000000180015000 f   MSVCRTD:gs_report.obj
 0002:000042fe       __C_specific_handler       00000001800152fe f   vcruntimed:VCRUNTIME140D.dll
 0002:00004304       __std_type_info_destroy_list 0000000180015304 f   vcruntimed:VCRUNTIME140D.dll
 0002:0000430a       __current_exception        000000018001530a f   vcruntimed:VCRUNTIME140D.dll
 0002:00004310       __current_exception_context 0000000180015310 f   vcruntimed:VCRUNTIME140D.dll
 0002:00004316       __C_specific_handler_noexcept 0000000180015316 f   vcruntimed:VCRUNTIME140D.dll
 0002:0000431c       __vcrt_GetModuleFileNameW  000000018001531c f   vcruntimed:VCRUNTIME140D.dll
 0002:00004322       __vcrt_GetModuleHandleW    0000000180015322 f   vcruntimed:VCRUNTIME140D.dll
 0002:00004328       __vcrt_LoadLibraryExW      0000000180015328 f   vcruntimed:VCRUNTIME140D.dll
 0002:0000432e       _CrtDbgReport              000000018001532e f   ucrtd:ucrtbased.dll
 0002:00004334       _CrtDbgReportW             0000000180015334 f   ucrtd:ucrtbased.dll
 0002:0000433a       _initterm                  000000018001533a f   ucrtd:ucrtbased.dll
 0002:00004340       _initterm_e                0000000180015340 f   ucrtd:ucrtbased.dll
 0002:00004346       _seh_filter_dll            0000000180015346 f   ucrtd:ucrtbased.dll
 0002:0000434c       _configure_narrow_argv     000000018001534c f   ucrtd:ucrtbased.dll
 0002:00004352       _initialize_narrow_environment 0000000180015352 f   ucrtd:ucrtbased.dll
 0002:00004358       _initialize_onexit_table   0000000180015358 f   ucrtd:ucrtbased.dll
 0002:0000435e       _register_onexit_function  000000018001535e f   ucrtd:ucrtbased.dll
 0002:00004364       _execute_onexit_table      0000000180015364 f   ucrtd:ucrtbased.dll
 0002:0000436a       _crt_atexit                000000018001536a f   ucrtd:ucrtbased.dll
 0002:00004370       _crt_at_quick_exit         0000000180015370 f   ucrtd:ucrtbased.dll
 0002:00004376       _cexit                     0000000180015376 f   ucrtd:ucrtbased.dll
 0002:0000437c       terminate                  000000018001537c f   ucrtd:ucrtbased.dll
 0002:00004382       strcpy_s                   0000000180015382 f   ucrtd:ucrtbased.dll
 0002:00004388       strcat_s                   0000000180015388 f   ucrtd:ucrtbased.dll
 0002:0000438e       __stdio_common_vsprintf_s  000000018001538e f   ucrtd:ucrtbased.dll
 0002:00004394       _wmakepath_s               0000000180015394 f   ucrtd:ucrtbased.dll
 0002:0000439a       _wsplitpath_s              000000018001539a f   ucrtd:ucrtbased.dll
 0002:000043a0       wcscpy_s                   00000001800153a0 f   ucrtd:ucrtbased.dll
 0002:000043a6       GetCurrentThreadId         00000001800153a6 f   kernel32:KERNEL32.dll
 0002:000043ac       QueryPerformanceCounter    00000001800153ac f   kernel32:KERNEL32.dll
 0002:000043b2       GetCurrentProcessId        00000001800153b2 f   kernel32:KERNEL32.dll
 0002:000043b8       GetSystemTimeAsFileTime    00000001800153b8 f   kernel32:KERNEL32.dll
 0002:000043be       InitializeSListHead        00000001800153be f   kernel32:KERNEL32.dll
 0002:000043c4       RtlCaptureContext          00000001800153c4 f   kernel32:KERNEL32.dll
 0002:000043ca       RtlLookupFunctionEntry     00000001800153ca f   kernel32:KERNEL32.dll
 0002:000043d0       RtlVirtualUnwind           00000001800153d0 f   kernel32:KERNEL32.dll
 0002:000043d6       IsDebuggerPresent          00000001800153d6 f   kernel32:KERNEL32.dll
 0002:000043dc       UnhandledExceptionFilter   00000001800153dc f   kernel32:KERNEL32.dll
 0002:000043e2       SetUnhandledExceptionFilter 00000001800153e2 f   kernel32:KERNEL32.dll
 0002:000043e8       GetStartupInfoW            00000001800153e8 f   kernel32:KERNEL32.dll
 0002:000043ee       IsProcessorFeaturePresent  00000001800153ee f   kernel32:KERNEL32.dll
 0002:000043f4       GetModuleHandleW           00000001800153f4 f   kernel32:KERNEL32.dll
 0002:000043fa       RaiseException             00000001800153fa f   kernel32:KERNEL32.dll
 0002:00004400       MultiByteToWideChar        0000000180015400 f   kernel32:KERNEL32.dll
 0002:00004406       WideCharToMultiByte        0000000180015406 f   kernel32:KERNEL32.dll
 0002:0000440c       GetLastError               000000018001540c f   kernel32:KERNEL32.dll
 0002:00004412       HeapAlloc                  0000000180015412 f   kernel32:KERNEL32.dll
 0002:00004418       HeapFree                   0000000180015418 f   kernel32:KERNEL32.dll
 0002:0000441e       GetProcessHeap             000000018001541e f   kernel32:KERNEL32.dll
 0002:00004424       VirtualQuery               0000000180015424 f   kernel32:KERNEL32.dll
 0002:0000442a       FreeLibrary                000000018001542a f   kernel32:KERNEL32.dll
 0002:00004430       GetProcAddress             0000000180015430 f   kernel32:KERNEL32.dll
 0002:00004436       GetCurrentProcess          0000000180015436 f   kernel32:KERNEL32.dll
 0002:0000443c       TerminateProcess           000000018001543c f   kernel32:KERNEL32.dll
 0002:00004450       __acrt_initialize          0000000180015450 f   MSVCRTD:ucrt_stubs.obj
 0002:00004450       __vcrt_initialize          0000000180015450 f   MSVCRTD:ucrt_stubs.obj
 0002:00004450       __scrt_stub_for_acrt_initialize 0000000180015450 f   MSVCRTD:ucrt_stubs.obj
 0002:00004460       __vcrt_thread_attach       0000000180015460 f   MSVCRTD:ucrt_stubs.obj
 0002:00004460       __scrt_stub_for_acrt_thread_attach 0000000180015460 f   MSVCRTD:ucrt_stubs.obj
 0002:00004460       __acrt_thread_attach       0000000180015460 f   MSVCRTD:ucrt_stubs.obj
 0002:00004470       __vcrt_thread_detach       0000000180015470 f   MSVCRTD:ucrt_stubs.obj
 0002:00004470       __acrt_thread_detach       0000000180015470 f   MSVCRTD:ucrt_stubs.obj
 0002:00004470       __scrt_stub_for_acrt_thread_detach 0000000180015470 f   MSVCRTD:ucrt_stubs.obj
 0002:00004480       __acrt_uninitialize        0000000180015480 f   MSVCRTD:ucrt_stubs.obj
 0002:00004480       __vcrt_uninitialize        0000000180015480 f   MSVCRTD:ucrt_stubs.obj
 0002:00004480       __scrt_stub_for_acrt_uninitialize 0000000180015480 f   MSVCRTD:ucrt_stubs.obj
 0002:00004490       __vcrt_uninitialize_critical 0000000180015490 f   MSVCRTD:ucrt_stubs.obj
 0002:00004490       __scrt_stub_for_acrt_uninitialize_critical 0000000180015490 f   MSVCRTD:ucrt_stubs.obj
 0002:00004490       __acrt_uninitialize_critical 0000000180015490 f   MSVCRTD:ucrt_stubs.obj
 0002:000044a0       _is_c_termination_complete 00000001800154a0 f   MSVCRTD:ucrt_stubs.obj
 0002:000044a0       __scrt_stub_for_is_c_termination_complete 00000001800154a0 f   MSVCRTD:ucrt_stubs.obj
 0002:000057b0       _guard_dispatch_icall_nop  00000001800167b0 f   MSVCRTD:guard_dispatch.obj
 0002:000057d0       _guard_xfg_dispatch_icall_nop 00000001800167d0 f   MSVCRTD:guard_xfg_dispatch.obj
 0003:00000000       __xc_a                     0000000180019000     MSVCRTD:initializers.obj
 0003:00000110       __xc_z                     0000000180019110     MSVCRTD:initializers.obj
 0003:00000220       __xi_a                     0000000180019220     MSVCRTD:initializers.obj
 0003:00000330       __xi_z                     0000000180019330     MSVCRTD:initializers.obj
 0003:00000440       __xp_a                     0000000180019440     MSVCRTD:initializers.obj
 0003:00000550       __xp_z                     0000000180019550     MSVCRTD:initializers.obj
 0003:00000660       __xt_a                     0000000180019660     MSVCRTD:initializers.obj
 0003:00000770       __xt_z                     0000000180019770     MSVCRTD:initializers.obj
 0003:00000880       _pRawDllMain               0000000180019880     MSVCRTD:dll_dllmain.obj
 0003:00000880       _pDefaultRawDllMain        0000000180019880     MSVCRTD:dll_dllmain.obj
 0003:000008c0       ??_C@_0BJ@HEGAHDFO@Stack?5pointer?5corruption@ 00000001800198c0     MSVCRTD:userapi.obj
 0003:000008e0       ??_C@_0CK@FEGOIOPB@Cast?5to?5smaller?5type?5causing?5lo@ 00000001800198e0     MSVCRTD:userapi.obj
 0003:00000918       ??_C@_0BI@CIGMDCBH@Stack?5memory?5corruption@ 0000000180019918     MSVCRTD:userapi.obj
 0003:00000938       ??_C@_0CK@CNLNOEPB@Local?5variable?5used?5before?5init@ 0000000180019938     MSVCRTD:userapi.obj
 0003:00000970       ??_C@_0BP@OGBCLIBO@Stack?5around?5_alloca?5corrupted@ 0000000180019970     MSVCRTD:userapi.obj
 0003:00000a80       ??_C@_0NN@JMPELKLB@The?5value?5of?5ESP?5was?5not?5proper@ 0000000180019a80     MSVCRTD:error.obj
 0003:00000b90       ??_C@_0BBN@ELNNILBE@A?5cast?5to?5a?5smaller?5data?5type?5h@ 0000000180019b90     MSVCRTD:error.obj
 0003:00000ce8       ??_C@_0BN@BPOGFMJL@Stack?5memory?5was?5corrupted?$AN?6@ 0000000180019ce8     MSVCRTD:error.obj
 0003:00000d10       ??_C@_0DG@DAJCDLPN@A?5local?5variable?5was?5used?5befor@ 0000000180019d10     MSVCRTD:error.obj
 0003:00000d50       ??_C@_0CM@JMIDGKLA@Stack?5memory?5around?5_alloca?5was@ 0000000180019d50     MSVCRTD:error.obj
 0003:00000d88       ??_C@_0BO@CHIONIOI@Unknown?5Runtime?5Check?5Error?$AN?6@ 0000000180019d88     MSVCRTD:error.obj
 0003:00000db0       ??_C@_1GM@CNOOJIHC@?$AAR?$AAu?$AAn?$AAt?$AAi?$AAm?$AAe?$AA?5?$AAC?$AAh?$AAe?$AAc?$AAk?$AA?5?$AAE@ 0000000180019db0     MSVCRTD:error.obj
 0003:00000e40       ??_C@_1EA@NFKNIFJP@?$AAR?$AAu?$AAn?$AA?9?$AAT?$AAi?$AAm?$AAe?$AA?5?$AAC?$AAh?$AAe?$AAc?$AAk?$AA?5@ 0000000180019e40     MSVCRTD:error.obj
 0003:00000e90       ??_C@_0BB@PFFGGCJP@Unknown?5Filename@ 0000000180019e90     MSVCRTD:error.obj
 0003:00000ea8       ??_C@_0BE@GNBOBNCK@Unknown?5Module?5Name@ 0000000180019ea8     MSVCRTD:error.obj
 0003:00000ec0       ??_C@_0CA@IODNCDPG@Run?9Time?5Check?5Failure?5?$CD?$CFd?5?9?5?$CFs@ 0000000180019ec0     MSVCRTD:error.obj
 0003:00000ee8       ??_C@_0CG@IAFNJNEE@Stack?5corrupted?5near?5unknown?5va@ 0000000180019ee8     MSVCRTD:error.obj
 0003:00000f18       ??_C@_05MKKEDADM@?$CF?42X?5@ 0000000180019f18     MSVCRTD:error.obj
 0003:00000f20       ??_C@_0EJ@LJKNEOLN@Stack?5area?5around?5_alloca?5memor@ 0000000180019f20     MSVCRTD:error.obj
 0003:00000f78       ??_C@_01EEMJAFIK@?6@       0000000180019f78     MSVCRTD:error.obj
 0003:00000f7c       ??_C@_02LLMPMKNF@?$DO?5@   0000000180019f7c     MSVCRTD:error.obj
 0003:00000f80       ??_C@_08OMAHNMHJ@?6Data?3?5?$DM@ 0000000180019f80     MSVCRTD:error.obj
 0003:00000f90       ??_C@_0CK@DKGBICFE@?6Allocation?5number?5within?5this?5@ 0000000180019f90     MSVCRTD:error.obj
 0003:00000fc8       ??_C@_07DFDJCKFN@?6Size?3?5@ 0000000180019fc8     MSVCRTD:error.obj
 0003:00000fd8       ??_C@_0N@MHFFIMFG@?6Address?3?50x@ 0000000180019fd8     MSVCRTD:error.obj
 0003:00000ff0       ??_C@_0EI@CLEPFNGI@Stack?5area?5around?5_alloca?5memor@ 0000000180019ff0     MSVCRTD:error.obj
 0003:00001048       ??_C@_0BK@ODNDAGKB@?$CFs?$CFs?$CFp?$CFs?$CFzd?$CFs?$CFd?$CFs?$CFs?$CFs?$CFs?$CFs@ 000000018001a048     MSVCRTD:error.obj
 0003:00001068       ??_C@_0DE@OHJBPMBP@A?5variable?5is?5being?5used?5withou@ 000000018001a068     MSVCRTD:error.obj
 0003:00001110       ??_C@_1EI@MLPKHBGE@?$AAa?$AAp?$AAi?$AA?9?$AAm?$AAs?$AA?9?$AAw?$AAi?$AAn?$AA?9?$AAc?$AAo?$AAr?$AAe@ 000000018001a110     MSVCRTD:pdblkup.obj
 0003:00001168       ??_C@_1BK@JHLNAEJL@?$AAa?$AAd?$AAv?$AAa?$AAp?$AAi?$AA3?$AA2?$AA?4?$AAd?$AAl?$AAl@ 000000018001a168     MSVCRTD:pdblkup.obj
 0003:00001188       ??_C@_0O@COHOBMLB@RegOpenKeyExW@ 000000018001a188     MSVCRTD:pdblkup.obj
 0003:00001198       ??_C@_0BB@GLNAEDBD@RegQueryValueExW@ 000000018001a198     MSVCRTD:pdblkup.obj
 0003:000011b0       ??_C@_0M@HLOHPNFA@RegCloseKey@ 000000018001a1b0     MSVCRTD:pdblkup.obj
 0003:000011c0       ??_C@_1HE@EBEAGLFB@?$AAS?$AAO?$AAF?$AAT?$AAW?$AAA?$AAR?$AAE?$AA?2?$AAW?$AAo?$AAw?$AA6?$AA4?$AA3@ 000000018001a1c0     MSVCRTD:pdblkup.obj
 0003:00001250       ??_C@_1BG@EABPBLLF@?$AAP?$AAr?$AAo?$AAd?$AAu?$AAc?$AAt?$AAD?$AAi?$AAr@ 000000018001a250     MSVCRTD:pdblkup.obj
 0003:00001298       ??_C@_1BC@JINFINNJ@?$AAM?$AAS?$AAP?$AAD?$AAB?$AA1?$AA4?$AA0@ 000000018001a298     MSVCRTD:pdblkup.obj
 0003:000012b0       ??_C@_0BB@KCIACLNC@PDBOpenValidate5@ 000000018001a2b0     MSVCRTD:pdblkup.obj
 0003:000012c4       ??_C@_01KDCPPGHE@r@        000000018001a2c4     MSVCRTD:pdblkup.obj
 0003:00001320       _load_config_used          000000018001a320     MSVCRTD:loadcfg.obj
 0003:00001600       __CastGuardVftablesStart   000000018001a600     MSVCRTD:guard_support.obj
 0003:00001800       __CastGuardVftablesEnd     000000018001a800     MSVCRTD:guard_support.obj
 0003:00001b28       __rtc_iaa                  000000018001ab28     MSVCRTD:initsect.obj
 0003:00001d58       __rtc_izz                  000000018001ad58     MSVCRTD:initsect.obj
 0003:00001e68       __rtc_taa                  000000018001ae68     MSVCRTD:initsect.obj
 0003:00002098       __rtc_tzz                  000000018001b098     MSVCRTD:initsect.obj
 0004:00000000       __scrt_native_dllmain_reason 000000018001c000     MSVCRTD:utility.obj
 0004:00000008       ?_RTC_ErrorLevels@@3PAHA   000000018001c008     MSVCRTD:error.obj
 0004:00000020       __security_cookie          000000018001c020     MSVCRTD:gs_cookie.obj
 0004:00000028       __security_cookie_complement 000000018001c028     MSVCRTD:gs_cookie.obj
 0004:00000038       __isa_available            000000018001c038     MSVCRTD:cpu_disp.obj
 0004:0000003c       __isa_enabled              000000018001c03c     MSVCRTD:cpu_disp.obj
 0004:00000040       __memcpy_nt_iters          000000018001c040     MSVCRTD:cpu_disp.obj
 0004:00000048       __memset_nt_iters          000000018001c048     MSVCRTD:cpu_disp.obj
 0004:00000060       __scrt_ucrt_dll_is_in_use  000000018001c060     MSVCRTD:ucrt_stubs.obj
 0004:00000170       __@@_PchSym_@00@UfhvihUovhllifyUhlfixvUivklhUnrmvxizugikthvieviUmygUcGEUwvyftUlyqUkxsOlyq@4B2008FD98C1DD4 000000018001c170     pch.obj
 0004:000001a0       ?__type_info_root_node@@3U__type_info_node@@A 000000018001c1a0     MSVCRTD:tncleanup.obj
 0004:000001b8       ?_OptionsStorage@?1??__local_stdio_printf_options@@9@4_KA 000000018001c1b8     MSVCRTD:default_local_stdio_options.obj
 0004:000001c8       ?_OptionsStorage@?1??__local_stdio_scanf_options@@9@4_KA 000000018001c1c8     MSVCRTD:default_local_stdio_options.obj
 0004:000001d8       __scrt_current_native_startup_state 000000018001c1d8     MSVCRTD:utility.obj
 0004:000001e0       __scrt_native_startup_lock 000000018001c1e0     MSVCRTD:utility.obj
 0004:00000230       __scrt_debugger_hook_flag  000000018001c230     MSVCRTD:utility_desktop.obj
 0004:00000234       __favor                    000000018001c234     MSVCRTD:cpu_disp.obj
 0004:000008d8       __dyn_tls_init_callback    000000018001c8d8     <common>
 0004:000008ec       __DebuggerCurrentSteppingThreadId 000000018001c8ec     <common>
 0006:00000000       __imp_WideCharToMultiByte  0000000180020000     kernel32:KERNEL32.dll
 0006:00000008       __imp_GetSystemTimeAsFileTime 0000000180020008     kernel32:KERNEL32.dll
 0006:00000010       __imp_GetCurrentProcessId  0000000180020010     kernel32:KERNEL32.dll
 0006:00000018       __imp_QueryPerformanceCounter 0000000180020018     kernel32:KERNEL32.dll
 0006:00000020       __imp_GetCurrentThreadId   0000000180020020     kernel32:KERNEL32.dll
 0006:00000028       __imp_RtlCaptureContext    0000000180020028     kernel32:KERNEL32.dll
 0006:00000030       __imp_RtlLookupFunctionEntry 0000000180020030     kernel32:KERNEL32.dll
 0006:00000038       __imp_RtlVirtualUnwind     0000000180020038     kernel32:KERNEL32.dll
 0006:00000040       __imp_TerminateProcess     0000000180020040     kernel32:KERNEL32.dll
 0006:00000048       __imp_GetCurrentProcess    0000000180020048     kernel32:KERNEL32.dll
 0006:00000050       __imp_GetProcAddress       0000000180020050     kernel32:KERNEL32.dll
 0006:00000058       __imp_FreeLibrary          0000000180020058     kernel32:KERNEL32.dll
 0006:00000060       __imp_VirtualQuery         0000000180020060     kernel32:KERNEL32.dll
 0006:00000068       __imp_GetProcessHeap       0000000180020068     kernel32:KERNEL32.dll
 0006:00000070       __imp_HeapFree             0000000180020070     kernel32:KERNEL32.dll
 0006:00000078       __imp_HeapAlloc            0000000180020078     kernel32:KERNEL32.dll
 0006:00000080       __imp_GetLastError         0000000180020080     kernel32:KERNEL32.dll
 0006:00000088       __imp_InitializeSListHead  0000000180020088     kernel32:KERNEL32.dll
 0006:00000090       __imp_MultiByteToWideChar  0000000180020090     kernel32:KERNEL32.dll
 0006:00000098       __imp_RaiseException       0000000180020098     kernel32:KERNEL32.dll
 0006:000000a0       __imp_GetModuleHandleW     00000001800200a0     kernel32:KERNEL32.dll
 0006:000000a8       __imp_IsProcessorFeaturePresent 00000001800200a8     kernel32:KERNEL32.dll
 0006:000000b0       __imp_GetStartupInfoW      00000001800200b0     kernel32:KERNEL32.dll
 0006:000000b8       __imp_SetUnhandledExceptionFilter 00000001800200b8     kernel32:KERNEL32.dll
 0006:000000c0       __imp_UnhandledExceptionFilter 00000001800200c0     kernel32:KERNEL32.dll
 0006:000000c8       __imp_IsDebuggerPresent    00000001800200c8     kernel32:KERNEL32.dll
 0006:000000d0       \177KERNEL32_NULL_THUNK_DATA 00000001800200d0     kernel32:KERNEL32.dll
 0006:00000150       __imp___vcrt_GetModuleHandleW 0000000180020150     vcruntimed:VCRUNTIME140D.dll
 0006:00000158       __imp___C_specific_handler 0000000180020158     vcruntimed:VCRUNTIME140D.dll
 0006:00000160       __imp___vcrt_GetModuleFileNameW 0000000180020160     vcruntimed:VCRUNTIME140D.dll
 0006:00000168       __imp___C_specific_handler_noexcept 0000000180020168     vcruntimed:VCRUNTIME140D.dll
 0006:00000170       __imp___current_exception_context 0000000180020170     vcruntimed:VCRUNTIME140D.dll
 0006:00000178       __imp___current_exception  0000000180020178     vcruntimed:VCRUNTIME140D.dll
 0006:00000180       __imp___std_type_info_destroy_list 0000000180020180     vcruntimed:VCRUNTIME140D.dll
 0006:00000188       __imp___vcrt_LoadLibraryExW 0000000180020188     vcruntimed:VCRUNTIME140D.dll
 0006:00000190       \177VCRUNTIME140D_NULL_THUNK_DATA 0000000180020190     vcruntimed:VCRUNTIME140D.dll
 0006:000001f0       __imp__wsplitpath_s        00000001800201f0     ucrtd:ucrtbased.dll
 0006:000001f8       __imp__wmakepath_s         00000001800201f8     ucrtd:ucrtbased.dll
 0006:00000200       __imp___stdio_common_vsprintf_s 0000000180020200     ucrtd:ucrtbased.dll
 0006:00000208       __imp_strcat_s             0000000180020208     ucrtd:ucrtbased.dll
 0006:00000210       __imp_strcpy_s             0000000180020210     ucrtd:ucrtbased.dll
 0006:00000218       __imp_terminate            0000000180020218     ucrtd:ucrtbased.dll
 0006:00000220       __imp__cexit               0000000180020220     ucrtd:ucrtbased.dll
 0006:00000228       __imp__crt_at_quick_exit   0000000180020228     ucrtd:ucrtbased.dll
 0006:00000230       __imp__crt_atexit          0000000180020230     ucrtd:ucrtbased.dll
 0006:00000238       __imp__execute_onexit_table 0000000180020238     ucrtd:ucrtbased.dll
 0006:00000240       __imp_wcscpy_s             0000000180020240     ucrtd:ucrtbased.dll
 0006:00000248       __imp__initialize_onexit_table 0000000180020248     ucrtd:ucrtbased.dll
 0006:00000250       __imp__initialize_narrow_environment 0000000180020250     ucrtd:ucrtbased.dll
 0006:00000258       __imp__configure_narrow_argv 0000000180020258     ucrtd:ucrtbased.dll
 0006:00000260       __imp__seh_filter_dll      0000000180020260     ucrtd:ucrtbased.dll
 0006:00000268       __imp__initterm_e          0000000180020268     ucrtd:ucrtbased.dll
 0006:00000270       __imp__initterm            0000000180020270     ucrtd:ucrtbased.dll
 0006:00000278       __imp__CrtDbgReportW       0000000180020278     ucrtd:ucrtbased.dll
 0006:00000280       __imp__CrtDbgReport        0000000180020280     ucrtd:ucrtbased.dll
 0006:00000288       __imp__register_onexit_function 0000000180020288     ucrtd:ucrtbased.dll
 0006:00000290       \177ucrtbased_NULL_THUNK_DATA 0000000180020290     ucrtd:ucrtbased.dll
 0006:00000308       __IMPORT_DESCRIPTOR_VCRUNTIME140D 0000000180020308     vcruntimed:VCRUNTIME140D.dll
 0006:0000031c       __IMPORT_DESCRIPTOR_ucrtbased 000000018002031c     ucrtd:ucrtbased.dll
 0006:00000330       __IMPORT_DESCRIPTOR_KERNEL32 0000000180020330     kernel32:KERNEL32.dll
 0006:00000344       __NULL_IMPORT_DESCRIPTOR   0000000180020344     vcruntimed:VCRUNTIME140D.dll
 0008:00000000       __guard_check_icall_fptr   0000000180022000     MSVCRTD:guard_support.obj
 0008:00000010       __guard_xfg_check_icall_fptr 0000000180022010     MSVCRTD:guard_support.obj
 0008:00000020       __guard_dispatch_icall_fptr 0000000180022020     MSVCRTD:guard_support.obj
 0008:00000030       __guard_xfg_dispatch_icall_fptr 0000000180022030     MSVCRTD:guard_support.obj
 0008:00000040       __guard_xfg_table_dispatch_icall_fptr 0000000180022040     MSVCRTD:guard_support.obj
 0008:00000050       __castguard_check_failure_os_handled_fptr 0000000180022050     MSVCRTD:guard_support.obj

 entry point at        0002:0000000a

 Static symbols

 0000:fffdb000       .debug$S                   0000000180000000     NBT.exp
 0000:fffdb000       .debug$S                   0000000180000000     ucrtd:ucrtbased.dll
 0000:fffdb000       .debug$S                   0000000180000000     ucrtd:ucrtbased.dll
 0000:fffdb000       .debug$S                   0000000180000000     ucrtd:ucrtbased.dll
 0000:fffdb000       .debug$S                   0000000180000000     ucrtd:ucrtbased.dll
 0000:fffdb000       .debug$S                   0000000180000000     ucrtd:ucrtbased.dll
 0000:fffdb000       .debug$S                   0000000180000000     ucrtd:ucrtbased.dll
 0000:fffdb000       .debug$S                   0000000180000000     ucrtd:ucrtbased.dll
 0000:fffdb000       .debug$S                   0000000180000000     ucrtd:ucrtbased.dll
 0000:fffdb000       .debug$S                   0000000180000000     ucrtd:ucrtbased.dll
 0000:fffdb000       .debug$S                   0000000180000000     ucrtd:ucrtbased.dll
 0000:fffdb000       .debug$S                   0000000180000000     ucrtd:ucrtbased.dll
 0000:fffdb000       .debug$S                   0000000180000000     ucrtd:ucrtbased.dll
 0000:fffdb000       .debug$S                   0000000180000000     ucrtd:ucrtbased.dll
 0000:fffdb000       .debug$S                   0000000180000000     ucrtd:ucrtbased.dll
 0000:fffdb000       .debug$S                   0000000180000000     ucrtd:ucrtbased.dll
 0000:fffdb000       .debug$S                   0000000180000000     ucrtd:ucrtbased.dll
 0000:fffdb000       .debug$S                   0000000180000000     ucrtd:ucrtbased.dll
 0000:fffdb000       .debug$S                   0000000180000000     ucrtd:ucrtbased.dll
 0000:fffdb000       .debug$S                   0000000180000000     ucrtd:ucrtbased.dll
 0000:fffdb000       .debug$S                   0000000180000000     ucrtd:ucrtbased.dll
 0000:fffdb000       .debug$S                   0000000180000000     kernel32:KERNEL32.dll
 0000:fffdb000       .debug$S                   0000000180000000     kernel32:KERNEL32.dll
 0000:fffdb000       .debug$S                   0000000180000000     kernel32:KERNEL32.dll
 0000:fffdb000       .debug$S                   0000000180000000     kernel32:KERNEL32.dll
 0000:fffdb000       .debug$S                   0000000180000000     kernel32:KERNEL32.dll
 0000:fffdb000       .debug$S                   0000000180000000     kernel32:KERNEL32.dll
 0000:fffdb000       .debug$S                   0000000180000000     kernel32:KERNEL32.dll
 0000:fffdb000       .debug$S                   0000000180000000     kernel32:KERNEL32.dll
 0000:fffdb000       .debug$S                   0000000180000000     kernel32:KERNEL32.dll
 0000:fffdb000       .debug$S                   0000000180000000     kernel32:KERNEL32.dll
 0000:fffdb000       .debug$S                   0000000180000000     kernel32:KERNEL32.dll
 0000:fffdb000       .debug$S                   0000000180000000     kernel32:KERNEL32.dll
 0000:fffdb000       .debug$S                   0000000180000000     kernel32:KERNEL32.dll
 0000:fffdb000       .debug$S                   0000000180000000     kernel32:KERNEL32.dll
 0000:fffdb000       .debug$S                   0000000180000000     kernel32:KERNEL32.dll
 0000:fffdb000       .debug$S                   0000000180000000     kernel32:KERNEL32.dll
 0000:fffdb000       .debug$S                   0000000180000000     kernel32:KERNEL32.dll
 0000:fffdb000       .debug$S                   0000000180000000     kernel32:KERNEL32.dll
 0000:fffdb000       .debug$S                   0000000180000000     kernel32:KERNEL32.dll
 0000:fffdb000       .debug$S                   0000000180000000     kernel32:KERNEL32.dll
 0000:fffdb000       .debug$S                   0000000180000000     kernel32:KERNEL32.dll
 0000:fffdb000       .debug$S                   0000000180000000     kernel32:KERNEL32.dll
 0000:fffdb000       .debug$S                   0000000180000000     kernel32:KERNEL32.dll
 0000:fffdb000       .debug$S                   0000000180000000     kernel32:KERNEL32.dll
 0000:fffdb000       .debug$S                   0000000180000000     kernel32:KERNEL32.dll
 0000:fffdb000       .debug$S                   0000000180000000     kernel32:KERNEL32.dll
 0000:00000000       _volmd                     0000000180000000     MSVCRTD:cpu_disp.obj
 0000:fffdf000       __guard_ehcont_?dllmain_dispatch@@YAHQEAUHINSTANCE__@@KQEAX@Z 0000000180000000     MSVCRTD:dll_dllmain.obj
 0000:fffdf000       __guard_fids_?dllmain_dispatch@@YAHQEAUHINSTANCE__@@KQEAX@Z 0000000180000000     MSVCRTD:dll_dllmain.obj
 0000:fffdf000       __guard_ehcont_?notify_debugger@@YAXAEBUtagEXCEPTION_VISUALCPP_DEBUG_INFO@@@Z 0000000180000000     MSVCRTD:error.obj
 0000:00000000       _volmd                     0000000180000000     MSVCRTD:gs_report.obj
 0000:00000000       _volmd                     0000000180000000     MSVCRTD:gs_report.obj
 0000:00000000       _volmd                     0000000180000000     MSVCRTD:gs_report.obj
 0000:fffdf000       __guard_fids__             0000000180000000     MSVCRTD:guard_support.obj
 0000:fffdf000       __guard_fids__             0000000180000000     MSVCRTD:guard_support.obj
 0000:fffdf000       __guard_fids__guard_icall_checks_enforced 0000000180000000     MSVCRTD:guard_support.obj
 0000:00000000       _volmd                     0000000180000000     MSVCRTD:guard_support.obj
 0000:00000000       _volmd                     0000000180000000     MSVCRTD:guard_support.obj
 0000:fffdf000       __guard_fids__CRT_RTC_INIT 0000000180000000     MSVCRTD:init.obj
 0000:fffdf000       __guard_fids__CRT_RTC_INITW 0000000180000000     MSVCRTD:init.obj
 0000:fffdf000       __guard_ehcont___scrt_is_nonwritable_in_current_image 0000000180000000     MSVCRTD:utility.obj
 0000:00000000       _volmd                     0000000180000000     MSVCRTD:utility.obj
 0000:00000000       _volmd                     0000000180000000     MSVCRTD:utility.obj
 0000:00000000       _volmd                     0000000180000000     MSVCRTD:utility.obj
 0000:fffdf000       __guard_fids___scrt_set_unhandled_exception_filter 0000000180000000     MSVCRTD:utility_desktop.obj
 0000:00000000       _volmd                     0000000180000000     MSVCRTD:utility_desktop.obj
 0000:fffdb000       .debug$S                   0000000180000000     vcruntimed:VCRUNTIME140D.dll
 0000:fffdb000       .debug$S                   0000000180000000     vcruntimed:VCRUNTIME140D.dll
 0000:fffdb000       .debug$S                   0000000180000000     vcruntimed:VCRUNTIME140D.dll
 0000:fffdb000       .debug$S                   0000000180000000     vcruntimed:VCRUNTIME140D.dll
 0000:fffdb000       .debug$S                   0000000180000000     vcruntimed:VCRUNTIME140D.dll
 0000:fffdb000       .debug$S                   0000000180000000     vcruntimed:VCRUNTIME140D.dll
 0000:fffdb000       .debug$S                   0000000180000000     vcruntimed:VCRUNTIME140D.dll
 0000:fffdb000       .debug$S                   0000000180000000     vcruntimed:VCRUNTIME140D.dll
 0002:000007f0       ?dllmain_crt_dispatch@@YAHQEAUHINSTANCE__@@KQEAX@Z 00000001800117f0 f   MSVCRTD:dll_dllmain.obj
 0002:000008a0       ?dllmain_crt_process_attach@@YAHQEAUHINSTANCE__@@QEAX@Z 00000001800118a0 f   MSVCRTD:dll_dllmain.obj
 0002:00000a30       ?dllmain_crt_process_detach@@YAH_N@Z 0000000180011a30 f   MSVCRTD:dll_dllmain.obj
 0002:00000af0       ?dllmain_dispatch@@YAHQEAUHINSTANCE__@@KQEAX@Z 0000000180011af0 f   MSVCRTD:dll_dllmain.obj
 0002:00000c80       ?dllmain_raw@@YAHQEAUHINSTANCE__@@KQEAX@Z 0000000180011c80 f   MSVCRTD:dll_dllmain.obj
 0002:00000e40       __get_entropy              0000000180011e40 f   MSVCRTD:gs_support.obj
 0002:000010b0       ?find_pe_section@@YAPEAU_IMAGE_SECTION_HEADER@@QEAE_K@Z 00000001800120b0 f   MSVCRTD:utility.obj
 0002:000011d0       ?is_potentially_valid_image_base@@YA_NQEAX@Z 00000001800121d0 f   MSVCRTD:utility.obj
 0002:00001f40       __castguard_check_failure_os_handled_wrapper 0000000180012f40 f   MSVCRTD:guard_support.obj
 0002:00001f80       __castguard_compat_check   0000000180012f80 f   MSVCRTD:guard_support.obj
 0002:00002140       __castguard_slow_path_compat_check 0000000180013140 f   MSVCRTD:guard_support.obj
 0002:00002230       ?DebuggerProbe@@YA_NK@Z    0000000180013230 f   MSVCRTD:error.obj
 0002:00002280       ?DebuggerRuntime@@YA_NKHPEAXPEB_W@Z 0000000180013280 f   MSVCRTD:error.obj
 0002:00002610       ?_getMemBlockDataString@@YAXPEAD0PEBD_K@Z 0000000180013610 f   MSVCRTD:error.obj
 0002:000026f0       ?_strlen_priv@@YA_KPEBD@Z  00000001800136f0 f   MSVCRTD:error.obj
 0002:00002710       ?failwithmessage@@YAXPEAXHHPEBD@Z 0000000180013710 f   MSVCRTD:error.obj
 0002:00002a10       ?notify_debugger@@YAXAEBUtagEXCEPTION_VISUALCPP_DEBUG_INFO@@@Z 0000000180013a10 f   MSVCRTD:error.obj
 0002:000030b0       ?GetPdbDll@@YAPEAUHINSTANCE__@@XZ 00000001800140b0 f   MSVCRTD:pdblkup.obj
 0002:00003270       ?GetPdbDllFromInstallPath@@YAPEAUHINSTANCE__@@XZ 0000000180014270 f   MSVCRTD:pdblkup.obj
 0002:000035d0       ?GetPdbDllPathFromFilePath@@YAHPEB_WPEA_W_K@Z 00000001800145d0 f   MSVCRTD:pdblkup.obj
 0002:00003d70       $$000000                   0000000180014d70     MSVCRTD:amdsecgs.obj
 0002:00004160       capture_current_context    0000000180015160 f   MSVCRTD:gs_report.obj
 0002:00004220       capture_previous_context   0000000180015220 f   MSVCRTD:gs_report.obj
 0002:000057a0       $$000000                   00000001800167a0     MSVCRTD:guard_dispatch.obj
 0002:000057c0       $$000000                   00000001800167c0     MSVCRTD:guard_xfg_dispatch.obj
 0002:000067e0       ?fin$0@?0??dllmain_crt_process_attach@@YAHQEAUHINSTANCE__@@QEAX@Z@4HA 00000001800177e0 f   MSVCRTD:dll_dllmain.obj
 0002:00006800       ?fin$0@?0??dllmain_crt_process_detach@@YAH_N@Z@4HA 0000000180017800 f   MSVCRTD:dll_dllmain.obj
 0002:0000681a       ?fin$1@?0??dllmain_crt_process_detach@@YAH_N@Z@4HA 000000018001781a f   MSVCRTD:dll_dllmain.obj
 0002:00006840       ?filt$0@?0??dllmain_dispatch@@YAHQEAUHINSTANCE__@@KQEAX@Z@4HA 0000000180017840 f   MSVCRTD:dll_dllmain.obj
 0002:000068a0       __scrt_is_nonwritable_in_current_image$filt$0 00000001800178a0 f   MSVCRTD:utility.obj
 0002:000068f0       ?filt$0@?0??notify_debugger@@YAXAEBUtagEXCEPTION_VISUALCPP_DEBUG_INFO@@@Z@4HA 00000001800178f0 f   MSVCRTD:error.obj
 0003:00000890       ?_RTC_errlist@@3QBQEBDB    0000000180019890     MSVCRTD:userapi.obj
 0003:00000998       ?_RTC_ErrorMessages@@3QBQEBDB 0000000180019998     MSVCRTD:error.obj
 0003:000009c8       ?_RTC_NoFalsePositives@@3QBHB 00000001800199c8     MSVCRTD:error.obj
 0003:000009e0       ?stack_premsg@@3QBDB       00000001800199e0     MSVCRTD:error.obj
 0003:00000a00       ?stack_postmsg@@3QBDB      0000000180019a00     MSVCRTD:error.obj
 0003:00000a18       ?uninit_premsg@@3QBDB      0000000180019a18     MSVCRTD:error.obj
 0003:00000a28       ?uninit_postmsg@@3QBDB     0000000180019a28     MSVCRTD:error.obj
 0003:000010a8       ?mspdbName@@3QB_WB         000000018001a0a8     MSVCRTD:pdblkup.obj
 0003:000010d8       ?debugCrtFileName@@3QB_WB  000000018001a0d8     MSVCRTD:pdblkup.obj
 0003:00001270       ?dllExt@?1??GetPdbDllPathFromFilePath@@YAHPEB_WPEA_W_K@Z@4QB_WB 000000018001a270     MSVCRTD:pdblkup.obj
 0003:00001280       ?mspdbFilename@?1??GetPdbDllPathFromFilePath@@YAHPEB_WPEA_W_K@Z@4QB_WB 000000018001a280     MSVCRTD:pdblkup.obj
 0003:000012c8       GS_ExceptionPointers       000000018001a2c8     MSVCRTD:gs_report.obj
 0003:00001c38       _RTC_InitBase.rtc$IMZ      000000018001ac38     dllmain.obj
 0003:00001c48       _RTC_InitBase.rtc$IMZ      000000018001ac48     test.obj
 0003:00001f78       _RTC_Shutdown.rtc$TMZ      000000018001af78     dllmain.obj
 0003:00001f88       _RTC_Shutdown.rtc$TMZ      000000018001af88     test.obj
 0003:000021a8       $unwind$DllMain            000000018001b1a8     dllmain.obj
 0003:000021bc       $unwind$Sum                000000018001b1bc     test.obj
 0003:000021d0       $unwind$_RTC_Shutdown      000000018001b1d0     MSVCRTD:init.obj
 0003:000021d8       $unwind$_RTC_InitBase      000000018001b1d8     MSVCRTD:init.obj
 0003:000021e0       $unwind$__CheckForDebuggerJustMyCode 000000018001b1e0     MSVCRTD:debugger_jmc.obj
 0003:000021e8       $unwind$?dllmain_crt_process_attach@@YAHQEAUHINSTANCE__@@QEAX@Z 000000018001b1e8     MSVCRTD:dll_dllmain.obj
 0003:0000220c       $unwind$?fin$0@?0??dllmain_crt_process_attach@@YAHQEAUHINSTANCE__@@QEAX@Z@4HA 000000018001b20c     MSVCRTD:dll_dllmain.obj
 0003:00002214       $unwind$?dllmain_crt_process_detach@@YAH_N@Z 000000018001b214     MSVCRTD:dll_dllmain.obj
 0003:00002248       $unwind$?fin$0@?0??dllmain_crt_process_detach@@YAH_N@Z@4HA 000000018001b248     MSVCRTD:dll_dllmain.obj
 0003:00002250       $unwind$?fin$1@?0??dllmain_crt_process_detach@@YAH_N@Z@4HA 000000018001b250     MSVCRTD:dll_dllmain.obj
 0003:00002258       $unwind$?dllmain_crt_dispatch@@YAHQEAUHINSTANCE__@@KQEAX@Z 000000018001b258     MSVCRTD:dll_dllmain.obj
 0003:00002260       $unwind$_CRT_INIT          000000018001b260     MSVCRTD:dll_dllmain.obj
 0003:00002268       $unwind$?dllmain_raw@@YAHQEAUHINSTANCE__@@KQEAX@Z 000000018001b268     MSVCRTD:dll_dllmain.obj
 0003:00002270       $unwind$?dllmain_dispatch@@YAHQEAUHINSTANCE__@@KQEAX@Z 000000018001b270     MSVCRTD:dll_dllmain.obj
 0003:00002294       $unwind$?filt$0@?0??dllmain_dispatch@@YAHQEAUHINSTANCE__@@KQEAX@Z@4HA 000000018001b294     MSVCRTD:dll_dllmain.obj
 0003:0000229c       $unwind$_DllMainCRTStartup 000000018001b29c     MSVCRTD:dll_dllmain.obj
 0003:000022a4       $unwind$__security_init_cookie 000000018001b2a4     MSVCRTD:gs_support.obj
 0003:000022ac       $unwind$__get_entropy      000000018001b2ac     MSVCRTD:gs_support.obj
 0003:000022b4       $unwind$?__scrt_initialize_type_info@@YAXXZ 000000018001b2b4     MSVCRTD:tncleanup.obj
 0003:000022bc       $unwind$?__scrt_uninitialize_type_info@@YAXXZ 000000018001b2bc     MSVCRTD:tncleanup.obj
 0003:000022c4       $unwind$__scrt_initialize_default_local_stdio_options 000000018001b2c4     MSVCRTD:default_local_stdio_options.obj
 0003:000022cc       $unwind$atexit             000000018001b2cc     MSVCRTD:utility.obj
 0003:000022d4       $unwind$_onexit            000000018001b2d4     MSVCRTD:utility.obj
 0003:000022dc       $unwind$at_quick_exit      000000018001b2dc     MSVCRTD:utility.obj
 0003:000022e4       $unwind$__scrt_is_nonwritable_in_current_image 000000018001b2e4     MSVCRTD:utility.obj
 0003:00002308       $unwind$__scrt_is_nonwritable_in_current_image$filt$0 000000018001b308     MSVCRTD:utility.obj
 0003:00002310       $unwind$__scrt_acquire_startup_lock 000000018001b310     MSVCRTD:utility.obj
 0003:00002318       $unwind$__scrt_release_startup_lock 000000018001b318     MSVCRTD:utility.obj
 0003:00002320       $unwind$__scrt_initialize_crt 000000018001b320     MSVCRTD:utility.obj
 0003:00002328       $unwind$__scrt_uninitialize_crt 000000018001b328     MSVCRTD:utility.obj
 0003:00002330       $unwind$__scrt_initialize_onexit_tables 000000018001b330     MSVCRTD:utility.obj
 0003:00002340       $unwind$__scrt_dllmain_exception_filter 000000018001b340     MSVCRTD:utility.obj
 0003:00002348       $unwind$__scrt_dllmain_before_initialize_c 000000018001b348     MSVCRTD:utility.obj
 0003:00002350       $unwind$__scrt_dllmain_after_initialize_c 000000018001b350     MSVCRTD:utility.obj
 0003:00002358       $unwind$__scrt_dllmain_uninitialize_c 000000018001b358     MSVCRTD:utility.obj
 0003:00002360       $unwind$__scrt_dllmain_uninitialize_critical 000000018001b360     MSVCRTD:utility.obj
 0003:00002368       $unwind$__scrt_dllmain_crt_thread_attach 000000018001b368     MSVCRTD:utility.obj
 0003:00002370       $unwind$__scrt_dllmain_crt_thread_detach 000000018001b370     MSVCRTD:utility.obj
 0003:00002378       $unwind$?configure_argv@__scrt_narrow_argv_policy@@SAHXZ 000000018001b378     MSVCRTD:utility.obj
 0003:00002380       $unwind$?initialize_environment@__scrt_narrow_environment_policy@@SAHXZ 000000018001b380     MSVCRTD:utility.obj
 0003:00002388       $unwind$?is_potentially_valid_image_base@@YA_NQEAX@Z 000000018001b388     MSVCRTD:utility.obj
 0003:00002390       $unwind$?find_pe_section@@YAPEAU_IMAGE_SECTION_HEADER@@QEAE_K@Z 000000018001b390     MSVCRTD:utility.obj
 0003:00002398       $unwind$__scrt_get_show_window_mode 000000018001b398     MSVCRTD:utility_desktop.obj
 0003:000023a8       $unwind$__scrt_is_managed_app 000000018001b3a8     MSVCRTD:utility_desktop.obj
 0003:000023b0       $unwind$__scrt_initialize_mta 000000018001b3b0     MSVCRTD:utility_desktop.obj
 0003:000023b8       $unwind$__scrt_set_unhandled_exception_filter 000000018001b3b8     MSVCRTD:utility_desktop.obj
 0003:000023c0       $unwind$__scrt_fastfail    000000018001b3c0     MSVCRTD:utility_desktop.obj
 0003:000023d0       $unwind$__scrt_unhandled_exception_filter 000000018001b3d0     MSVCRTD:utility_desktop.obj
 0003:000023d8       $unwind$_RTC_Initialize    000000018001b3d8     MSVCRTD:initsect.obj
 0003:000023e8       $unwind$_RTC_Terminate     000000018001b3e8     MSVCRTD:initsect.obj
 0003:000023f8       $unwind$ReadNoFence64      000000018001b3f8     MSVCRTD:guard_support.obj
 0003:00002400       $unwind$ReadPointerNoFence 000000018001b400     MSVCRTD:guard_support.obj
 0003:00002408       $unwind$_guard_icall_checks_enforced 000000018001b408     MSVCRTD:guard_support.obj
 0003:00002410       $unwind$__castguard_compat_check 000000018001b410     MSVCRTD:guard_support.obj
 0003:00002418       $unwind$__castguard_check_failure_os_handled_wrapper 000000018001b418     MSVCRTD:guard_support.obj
 0003:00002420       $unwind$__castguard_check_failure_debugbreak 000000018001b420     MSVCRTD:guard_support.obj
 0003:00002428       $unwind$__castguard_check_failure_fastfail 000000018001b428     MSVCRTD:guard_support.obj
 0003:00002430       $unwind$__castguard_check_failure_os_handled 000000018001b430     MSVCRTD:guard_support.obj
 0003:00002438       $unwind$__castguard_slow_path_compat_check 000000018001b438     MSVCRTD:guard_support.obj
 0003:00002440       $unwind$__castguard_slow_path_check_debugbreak 000000018001b440     MSVCRTD:guard_support.obj
 0003:00002448       $unwind$__castguard_slow_path_check_fastfail 000000018001b448     MSVCRTD:guard_support.obj
 0003:00002450       $unwind$__castguard_slow_path_check_os_handled 000000018001b450     MSVCRTD:guard_support.obj
 0003:00002458       $unwind$_RTC_UninitUse     000000018001b458     MSVCRTD:error.obj
 0003:00002474       $unwind$?_RTC_StackFailure@@YAXPEAXPEBD@Z 000000018001b474     MSVCRTD:error.obj
 0003:00002494       $unwind$?_RTC_AllocaFailure@@YAXPEAXPEAU_RTC_ALLOCA_NODE@@H@Z 000000018001b494     MSVCRTD:error.obj
 0003:000024b0       $chain$0$?_RTC_AllocaFailure@@YAXPEAXPEAU_RTC_ALLOCA_NODE@@H@Z 000000018001b4b0     MSVCRTD:error.obj
 0003:000024c8       $chain$1$?_RTC_AllocaFailure@@YAXPEAXPEAU_RTC_ALLOCA_NODE@@H@Z 000000018001b4c8     MSVCRTD:error.obj
 0003:000024dc       $unwind$_vsprintf_s_l      000000018001b4dc     MSVCRTD:error.obj
 0003:000024f4       $unwind$sprintf_s          000000018001b4f4     MSVCRTD:error.obj
 0003:000024fc       $unwind$?notify_debugger@@YAXAEBUtagEXCEPTION_VISUALCPP_DEBUG_INFO@@@Z 000000018001b4fc     MSVCRTD:error.obj
 0003:00002520       $unwind$?filt$0@?0??notify_debugger@@YAXAEBUtagEXCEPTION_VISUALCPP_DEBUG_INFO@@@Z@4HA 000000018001b520     MSVCRTD:error.obj
 0003:00002528       $unwind$?DebuggerProbe@@YA_NK@Z 000000018001b528     MSVCRTD:error.obj
 0003:00002530       $unwind$?DebuggerRuntime@@YA_NKHPEAXPEB_W@Z 000000018001b530     MSVCRTD:error.obj
 0003:00002538       $unwind$?failwithmessage@@YAXPEAXHHPEBD@Z 000000018001b538     MSVCRTD:error.obj
 0003:00002560       $unwind$?_getMemBlockDataString@@YAXPEAD0PEBD_K@Z 000000018001b560     MSVCRTD:error.obj
 0003:00002574       $chain$3$?_getMemBlockDataString@@YAXPEAD0PEBD_K@Z 000000018001b574     MSVCRTD:error.obj
 0003:00002598       $chain$4$?_getMemBlockDataString@@YAXPEAD0PEBD_K@Z 000000018001b598     MSVCRTD:error.obj
 0003:000025ac       $unwind$__isa_available_init 000000018001b5ac     MSVCRTD:cpu_disp.obj
 0003:000025c0       $unwind$__scrt_is_ucrt_dll_in_use 000000018001b5c0     MSVCRTD:ucrt_detection.obj
 0003:000025c8       $xdatasym                  000000018001b5c8     MSVCRTD:guard_dispatch.obj
 0003:000025d0       $xdatasym                  000000018001b5d0     MSVCRTD:guard_xfg_dispatch.obj
 0003:000025d4       $unwind$?_RTC_GetSrcLine@@YAHPEAEPEA_WKPEAH1K@Z 000000018001b5d4     MSVCRTD:pdblkup.obj
 0003:000025f0       $unwind$?GetPdbDllFromInstallPath@@YAPEAUHINSTANCE__@@XZ 000000018001b5f0     MSVCRTD:pdblkup.obj
 0003:00002618       $unwind$?GetPdbDllPathFromFilePath@@YAHPEB_WPEA_W_K@Z 000000018001b618     MSVCRTD:pdblkup.obj
 0003:00002634       $unwind$?GetPdbDll@@YAPEAUHINSTANCE__@@XZ 000000018001b634     MSVCRTD:pdblkup.obj
 0003:00002648       $unwind$__GSHandlerCheckCommon 000000018001b648     MSVCRTD:gshandler.obj
 0003:00002650       $unwind$__GSHandlerCheck   000000018001b650     MSVCRTD:gshandler.obj
 0003:00002658       $xdatasym                  000000018001b658     MSVCRTD:amdsecgs.obj
 0003:0000265c       $unwind$__report_securityfailure 000000018001b65c     MSVCRTD:gs_report.obj
 0003:00002664       $unwind$__report_securityfailureEx 000000018001b664     MSVCRTD:gs_report.obj
 0003:0000266c       $unwind$__report_rangecheckfailure 000000018001b66c     MSVCRTD:gs_report.obj
 0003:00002674       $unwind$__report_gsfailure 000000018001b674     MSVCRTD:gs_report.obj
 0003:0000267c       $unwind$capture_current_context 000000018001b67c     MSVCRTD:gs_report.obj
 0003:00002684       $unwind$capture_previous_context 000000018001b684     MSVCRTD:gs_report.obj
 0003:0000268c       $unwind$__raise_securityfailure 000000018001b68c     MSVCRTD:gs_report.obj
 0003:000028e0       .edata                     000000018001b8e0     NBT.exp
 0003:00002908       rgpv                       000000018001b908     NBT.exp
 0003:0000290c       rgszName                   000000018001b90c     NBT.exp
 0003:00002910       rgwOrd                     000000018001b910     NBT.exp
 0003:00002912       szName                     000000018001b912     NBT.exp
 0003:0000291a       $N00001                    000000018001b91a     NBT.exp
 0004:00000174       ?init@?1??_RTC_InitBase@@9@4_NA 000000018001c174     MSVCRTD:init.obj
 0004:00000178       ?__proc_attached@@3HA      000000018001c178     MSVCRTD:dll_dllmain.obj
 0004:00000180       ?_RTC_ErrorReportFunc@@3P6AHHPEBDH00ZZEA 000000018001c180     MSVCRTD:userapi.obj
 0004:00000188       ?_RTC_ErrorReportFuncW@@3P6AHHPEB_WH00ZZEA 000000018001c188     MSVCRTD:userapi.obj
 0004:000001e8       ?is_initialized_as_dll@@3_NA 000000018001c1e8     MSVCRTD:utility.obj
 0004:000001e9       ?module_local_atexit_table_initialized@@3_NA 000000018001c1e9     MSVCRTD:utility.obj
 0004:000001f0       ?module_local_atexit_table@@3U_onexit_table_t@@A 000000018001c1f0     MSVCRTD:utility.obj
 0004:00000208       ?module_local_at_quick_exit_table@@3U_onexit_table_t@@A 000000018001c208     MSVCRTD:utility.obj
 0004:00000238       ?mspdb@@3PEAUHINSTANCE__@@EA 000000018001c238     MSVCRTD:pdblkup.obj
 0004:00000241       ?alreadyTried@?1??GetPdbDll@@YAPEAUHINSTANCE__@@XZ@4_NA 000000018001c241     MSVCRTD:pdblkup.obj
 0004:00000242       ?PDBOK@?1??_RTC_GetSrcLine@@YAHPEAEPEA_WKPEAH1K@Z@4_NA 000000018001c242     MSVCRTD:pdblkup.obj
 0004:00000250       GS_ExceptionRecord         000000018001c250     MSVCRTD:gs_report.obj
 0004:000002f0       GS_ContextRecord           000000018001c2f0     MSVCRTD:gs_report.obj
 0006:0000073a       .idata$6                   000000018002073a     vcruntimed:VCRUNTIME140D.dll
 0006:000008c0       .idata$6                   00000001800208c0     ucrtd:ucrtbased.dll
 0006:00000ae6       .idata$6                   0000000180020ae6     kernel32:KERNEL32.dll
 0007:00000000       __F65CBFFC_NBT@pch         0000000180021000     dllmain.obj
 0007:00000001       __8692B9CD_dllmain@cpp     0000000180021001     dllmain.obj
 0007:00000002       __D3ADF6E4_pch@h           0000000180021002     dllmain.obj
 0007:00000003       __1DA35547_pch@cpp         0000000180021003     dllmain.obj
 0007:00000004       __D0DFFAC6_winpackagefamily@h 0000000180021004     pch.obj
 0007:00000005       __D0D0F397_winapifamily@h  0000000180021005     pch.obj
 0007:00000006       __94A3FDDD_sdkddkver@h     0000000180021006     pch.obj
 0007:00000007       __5B95AFCC_concurrencysal@h 0000000180021007     pch.obj
 0007:00000008       __AF7C3541_sal@h           0000000180021008     pch.obj
 0007:00000009       __FF4CBCD4_vadefs@h        0000000180021009     pch.obj
 0007:0000000a       __EF9B48C8_vcruntime@h     000000018002100a     pch.obj
 0007:0000000b       __6BD6BAAE_excpt@h         000000018002100b     pch.obj
 0007:0000000c       __B39E6C7D_stdarg@h        000000018002100c     pch.obj
 0007:0000000d       __1C9F390F_specstrings_undef@h 000000018002100d     pch.obj
 0007:0000000e       __36A21E95_specstrings_strict@h 000000018002100e     pch.obj
 0007:0000000f       __452FE810_sdv_driverspecs@h 000000018002100f     pch.obj
 0007:00000010       __30F344B3_driverspecs@h   0000000180021010     pch.obj
 0007:00000011       __BD886E18_specstrings@h   0000000180021011     pch.obj
 0007:00000012       __6569C2CA_corecrt@h       0000000180021012     pch.obj
 0007:00000013       __5DB64B66_corecrt_wctype@h 0000000180021013     pch.obj
 0007:00000014       __B2D2BA86_ctype@h         0000000180021014     pch.obj
 0007:00000015       __BF9C347F_kernelspecs@h   0000000180021015     pch.obj
 0007:00000016       __79C7FC57_basetsd@h       0000000180021016     pch.obj
 0007:00000017       __CDDAF8CA_errno@h         0000000180021017     pch.obj
 0007:00000018       __E6DA1474_vcruntime_string@h 0000000180021018     pch.obj
 0007:00000019       __1FEB9909_corecrt_memcpy_s@h 0000000180021019     pch.obj
 0007:0000001a       __A751F051_corecrt_memory@h 000000018002101a     pch.obj
 0007:0000001b       __9200769A_corecrt_wstring@h 000000018002101b     pch.obj
 0007:0000001c       __32E5F013_string@h        000000018002101c     pch.obj
 0007:0000001d       __D545DD43_guiddef@h       000000018002101d     pch.obj
 0007:0000001e       __DF4F952E_pshpack4@h      000000018002101e     pch.obj
 0007:0000001f       __7FCD0577_poppack@h       000000018002101f     pch.obj
 0007:00000020       __DBC2E99C_pshpack2@h      0000000180021020     pch.obj
 0007:00000021       __D6556C4A_pshpack8@h      0000000180021021     pch.obj
 0007:00000022       __D98457C5_pshpack1@h      0000000180021022     pch.obj
 0007:00000023       __614C4572_apiset@h        0000000180021023     pch.obj
 0007:00000024       __8500295D_ktmtypes@h      0000000180021024     pch.obj
 0007:00000025       __D5DDFBF3_winnt@h         0000000180021025     pch.obj
 0007:00000026       __156BD51A_minwindef@h     0000000180021026     pch.obj
 0007:00000027       __F9B9A8F7_windef@h        0000000180021027     pch.obj
 0007:00000028       __BD2C4590_apisetcconv@h   0000000180021028     pch.obj
 0007:00000029       __18251742_minwinbase@h    0000000180021029     pch.obj
 0007:0000002a       __23611203_apiquery2@h     000000018002102a     pch.obj
 0007:0000002b       __C914CD48_processenv@h    000000018002102b     pch.obj
 0007:0000002c       __996311FD_fileapi@h       000000018002102c     pch.obj
 0007:0000002d       __41AEF397_fileapifromapp@h 000000018002102d     pch.obj
 0007:0000002e       __65579FF3_debugapi@h      000000018002102e     pch.obj
 0007:0000002f       __476FCB5A_utilapiset@h    000000018002102f     pch.obj
 0007:00000030       __089D2E42_handleapi@h     0000000180021030     pch.obj
 0007:00000031       __B16F04F5_errhandlingapi@h 0000000180021031     pch.obj
 0007:00000032       __81CCB02F_fibersapi@h     0000000180021032     pch.obj
 0007:00000033       __A9B4C5F0_namedpipeapi@h  0000000180021033     pch.obj
 0007:00000034       __C209F2C8_profileapi@h    0000000180021034     pch.obj
 0007:00000035       __34C22DC8_heapapi@h       0000000180021035     pch.obj
 0007:00000036       __8A238485_ioapiset@h      0000000180021036     pch.obj
 0007:00000037       __4826BA69_synchapi@h      0000000180021037     pch.obj
 0007:00000038       __6A31599C_interlockedapi@h 0000000180021038     pch.obj
 0007:00000039       __439612F0_processthreadsapi@h 0000000180021039     pch.obj
 0007:0000003a       __7BB37CFA_sysinfoapi@h    000000018002103a     pch.obj
 0007:0000003b       __5733279A_memoryapi@h     000000018002103b     pch.obj
 0007:0000003c       __6D078C0D_enclaveapi@h    000000018002103c     pch.obj
 0007:0000003d       __3663CE50_threadpoollegacyapiset@h 000000018002103d     pch.obj
 0007:0000003e       __E16717D9_threadpoolapiset@h 000000018002103e     pch.obj
 0007:0000003f       __4A6035CC_jobapi@h        000000018002103f     pch.obj
 0007:00000040       __62EEB553_jobapi2@h       0000000180021040     pch.obj
 0007:00000041       __9F22E7EF_wow64apiset@h   0000000180021041     pch.obj
 0007:00000042       __E86B4A9A_libloaderapi@h  0000000180021042     pch.obj
 0007:00000043       __EB536E54_securitybaseapi@h 0000000180021043     pch.obj
 0007:00000044       __E915C287_namespaceapi@h  0000000180021044     pch.obj
 0007:00000045       __C66F44F2_systemtopologyapi@h 0000000180021045     pch.obj
 0007:00000046       __B6175B28_processtopologyapi@h 0000000180021046     pch.obj
 0007:00000047       __9E4AD838_securityappcontainer@h 0000000180021047     pch.obj
 0007:00000048       __F599FDAE_realtimeapiset@h 0000000180021048     pch.obj
 0007:00000049       __D4435474_winerror@h      0000000180021049     pch.obj
 0007:0000004a       __F94F31E6_timezoneapi@h   000000018002104a     pch.obj
 0007:0000004b       __B3ED30D4_winbase@h       000000018002104b     pch.obj
 0007:0000004c       __E9F7D11F_wingdi@h        000000018002104c     pch.obj
 0007:0000004d       __AC21C382_tvout@h         000000018002104d     pch.obj
 0007:0000004e       __DB057BA3_winuser@h       000000018002104e     pch.obj
 0007:0000004f       __A1BAD304_datetimeapi@h   000000018002104f     pch.obj
 0007:00000050       __30E2BD27_winnls@h        0000000180021050     pch.obj
 0007:00000051       __B7FF4B97_stringapiset@h  0000000180021051     pch.obj
 0007:00000052       __66C87297_wincontypes@h   0000000180021052     pch.obj
 0007:00000053       __1317218F_consoleapi@h    0000000180021053     pch.obj
 0007:00000054       __8D62D26D_consoleapi2@h   0000000180021054     pch.obj
 0007:00000055       __8CA0B85A_consoleapi3@h   0000000180021055     pch.obj
 0007:00000056       __CE39E65B_wincon@h        0000000180021056     pch.obj
 0007:00000057       __F6801ACC_verrsrc@h       0000000180021057     pch.obj
 0007:00000058       __1CB844D9_winver@h        0000000180021058     pch.obj
 0007:00000059       __D0CFA71C_reason@h        0000000180021059     pch.obj
 0007:0000005a       __F3D58382_winreg@h        000000018002105a     pch.obj
 0007:0000005b       __34C28572_wnnc@h          000000018002105b     pch.obj
 0007:0000005c       __0617DE59_winnetwk@h      000000018002105c     pch.obj
 0007:0000005d       __A118E6DC_stralign@h      000000018002105d     pch.obj
 0007:0000005e       __8B10FA9F_winsvc@h        000000018002105e     pch.obj
 0007:0000005f       __BEDBF511_mcx@h           000000018002105f     pch.obj
 0007:00000060       __D3BCC989_ime_cmodes@h    0000000180021060     pch.obj
 0007:00000061       __B1694579_imm@h           0000000180021061     pch.obj
 0007:00000062       __4D4D253D_windows@h       0000000180021062     pch.obj
 0007:00000063       __5EB93166_framework@h     0000000180021063     pch.obj
 0007:00000064       __D3ADF6E4_pch@h           0000000180021064     pch.obj
 0007:00000065       __F65CBFFC_NBT@pch         0000000180021065     pch.obj
 0007:00000066       __1DA35547_pch@cpp         0000000180021066     pch.obj
 0007:0000007a       __F65CBFFC_NBT@pch         000000018002107a     test.obj
 0007:0000007b       __33968561_test@cpp        000000018002107b     test.obj
 0007:0000007c       __D3ADF6E4_pch@h           000000018002107c     test.obj
 0007:0000007d       __1DA35547_pch@cpp         000000018002107d     test.obj
 0009:00000170       $R000000                   0000000180023170     * linker generated manifest res *
